[
  {
    "case_id": "cluster_37a7f070473c076e__spatial_hash__bounded",
    "actions": 272,
    "metrics_equal": true,
    "source_truth_or_simulator_provided": false
  },
  {
    "case_id": "outward_b614b4503aa2dd12__positive__bounded",
    "actions": 580,
    "metrics_equal": true,
    "source_truth_or_simulator_provided": false
  },
  {
    "case_id": "tangent_02646fbae14219ac__spatial_hash__bounded",
    "actions": 626,
    "metrics_equal": true,
    "source_truth_or_simulator_provided": false
  }
]
