START stage=development layouts=24 scenarios=96 configs=4 runs=384 workers=4
RUN uniform_f492a7cb51638a1a__smooth__bounded BACKBONE_ADAPT virtual_s=5676.105 penalized_s=5676.105 complete=16/16 audit=True wall_s=0.104
RUN uniform_f492a7cb51638a1a__negative__bounded BACKBONE_ADAPT virtual_s=6151.479 penalized_s=6151.479 complete=16/16 audit=True wall_s=0.129
RUN uniform_f492a7cb51638a1a__positive__bounded BACKBONE_ADAPT virtual_s=5737.923 penalized_s=5737.923 complete=16/16 audit=True wall_s=0.146
RUN uniform_f492a7cb51638a1a__spatial_hash__bounded BACKBONE_ADAPT virtual_s=6137.443 penalized_s=6137.443 complete=16/16 audit=True wall_s=0.150
RUN uniform_f492a7cb51638a1a__smooth__bounded BASE25 virtual_s=4522.723 penalized_s=4522.723 complete=16/16 audit=True wall_s=0.062
RUN uniform_f492a7cb51638a1a__negative__bounded BASE25 virtual_s=5122.344 penalized_s=5122.344 complete=16/16 audit=True wall_s=0.048
RUN uniform_f492a7cb51638a1a__positive__bounded BASE25 virtual_s=5461.885 penalized_s=5461.885 complete=16/16 audit=True wall_s=0.054
RUN uniform_f492a7cb51638a1a__spatial_hash__bounded BASE25 virtual_s=5070.143 penalized_s=5070.143 complete=16/16 audit=True wall_s=0.069
RUN uniform_f492a7cb51638a1a__smooth__bounded HIST_ADAPT virtual_s=4791.058 penalized_s=4791.058 complete=16/16 audit=True wall_s=0.084
RUN uniform_f492a7cb51638a1a__negative__bounded HIST_ADAPT virtual_s=5282.238 penalized_s=5282.238 complete=16/16 audit=True wall_s=0.072
RUN uniform_f492a7cb51638a1a__positive__bounded HIST_ADAPT virtual_s=5359.425 penalized_s=5359.425 complete=16/16 audit=True wall_s=0.074
RUN uniform_f492a7cb51638a1a__spatial_hash__bounded HIST_ADAPT virtual_s=5287.007 penalized_s=5287.007 complete=16/16 audit=True wall_s=0.072
RUN uniform_f492a7cb51638a1a__negative__bounded BACKBONE virtual_s=5605.281 penalized_s=5605.281 complete=16/16 audit=True wall_s=0.110
PROGRESS scenarios=1/96 runs=4/384 failed=0 elapsed_s=0.4
RUN uniform_f492a7cb51638a1a__smooth__bounded BACKBONE virtual_s=5535.925 penalized_s=5535.925 complete=16/16 audit=True wall_s=0.117
PROGRESS scenarios=2/96 runs=8/384 failed=0 elapsed_s=0.4
RUN uniform_f492a7cb51638a1a__spatial_hash__bounded BACKBONE virtual_s=5568.389 penalized_s=5568.389 complete=16/16 audit=True wall_s=0.107
PROGRESS scenarios=3/96 runs=12/384 failed=0 elapsed_s=0.4
RUN uniform_f492a7cb51638a1a__positive__bounded BACKBONE virtual_s=5800.706 penalized_s=5800.706 complete=16/16 audit=True wall_s=0.136
PROGRESS scenarios=4/96 runs=16/384 failed=0 elapsed_s=0.5
RUN outward_66d6380dc7940f96__spatial_hash__bounded HIST_ADAPT virtual_s=6164.906 penalized_s=6164.906 complete=13/13 audit=True wall_s=0.056
RUN outward_66d6380dc7940f96__positive__bounded HIST_ADAPT virtual_s=6130.850 penalized_s=6130.850 complete=13/13 audit=True wall_s=0.079
RUN outward_66d6380dc7940f96__negative__bounded HIST_ADAPT virtual_s=6163.039 penalized_s=6163.039 complete=13/13 audit=True wall_s=0.058
RUN outward_66d6380dc7940f96__smooth__bounded HIST_ADAPT virtual_s=6160.263 penalized_s=6160.263 complete=13/13 audit=True wall_s=0.076
RUN outward_66d6380dc7940f96__spatial_hash__bounded BACKBONE virtual_s=6642.810 penalized_s=6642.810 complete=13/13 audit=True wall_s=0.074
RUN outward_66d6380dc7940f96__negative__bounded BACKBONE virtual_s=6667.941 penalized_s=6667.941 complete=13/13 audit=True wall_s=0.071
RUN outward_66d6380dc7940f96__positive__bounded BACKBONE virtual_s=7874.045 penalized_s=7874.045 complete=13/13 audit=True wall_s=0.095
RUN outward_66d6380dc7940f96__smooth__bounded BACKBONE virtual_s=6625.240 penalized_s=6625.240 complete=13/13 audit=True wall_s=0.084
RUN outward_66d6380dc7940f96__spatial_hash__bounded BACKBONE_ADAPT virtual_s=6825.156 penalized_s=6825.156 complete=13/13 audit=True wall_s=0.098
RUN outward_66d6380dc7940f96__negative__bounded BACKBONE_ADAPT virtual_s=6586.776 penalized_s=6586.776 complete=13/13 audit=True wall_s=0.087
RUN outward_66d6380dc7940f96__spatial_hash__bounded BASE25 virtual_s=6195.786 penalized_s=6195.786 complete=13/13 audit=True wall_s=0.048
PROGRESS scenarios=5/96 runs=20/384 failed=0 elapsed_s=0.7
RUN outward_66d6380dc7940f96__smooth__bounded BACKBONE_ADAPT virtual_s=6593.350 penalized_s=6593.350 complete=13/13 audit=True wall_s=0.087
RUN outward_66d6380dc7940f96__positive__bounded BACKBONE_ADAPT virtual_s=7828.662 penalized_s=7828.662 complete=13/13 audit=True wall_s=0.117
RUN outward_66d6380dc7940f96__negative__bounded BASE25 virtual_s=6216.570 penalized_s=6216.570 complete=13/13 audit=True wall_s=0.056
PROGRESS scenarios=6/96 runs=24/384 failed=0 elapsed_s=0.8
RUN inward_21c99444fea8e45f__spatial_hash__bounded BASE25 virtual_s=5561.219 penalized_s=5561.219 complete=13/13 audit=True wall_s=0.047
RUN inward_21c99444fea8e45f__positive__bounded BASE25 virtual_s=5685.694 penalized_s=5685.694 complete=13/13 audit=True wall_s=0.053
RUN outward_66d6380dc7940f96__positive__bounded BASE25 virtual_s=6201.410 penalized_s=6201.410 complete=13/13 audit=True wall_s=0.058
PROGRESS scenarios=7/96 runs=28/384 failed=0 elapsed_s=0.8
RUN outward_66d6380dc7940f96__smooth__bounded BASE25 virtual_s=6215.162 penalized_s=6215.162 complete=13/13 audit=True wall_s=0.075
PROGRESS scenarios=8/96 runs=32/384 failed=0 elapsed_s=0.8
RUN inward_21c99444fea8e45f__spatial_hash__bounded HIST_ADAPT virtual_s=5635.189 penalized_s=5635.189 complete=13/13 audit=True wall_s=0.077
RUN inward_21c99444fea8e45f__negative__bounded BASE25 virtual_s=5589.013 penalized_s=5589.013 complete=13/13 audit=True wall_s=0.054
RUN inward_21c99444fea8e45f__smooth__bounded BASE25 virtual_s=5557.803 penalized_s=5557.803 complete=13/13 audit=True wall_s=0.052
RUN inward_21c99444fea8e45f__positive__bounded HIST_ADAPT virtual_s=5676.452 penalized_s=5676.452 complete=13/13 audit=True wall_s=0.071
RUN inward_21c99444fea8e45f__smooth__bounded HIST_ADAPT virtual_s=5563.550 penalized_s=5563.550 complete=13/13 audit=True wall_s=0.070
RUN inward_21c99444fea8e45f__negative__bounded HIST_ADAPT virtual_s=5661.167 penalized_s=5661.167 complete=13/13 audit=True wall_s=0.080
RUN inward_21c99444fea8e45f__spatial_hash__bounded BACKBONE virtual_s=5929.195 penalized_s=5929.195 complete=13/13 audit=True wall_s=0.123
RUN inward_21c99444fea8e45f__positive__bounded BACKBONE virtual_s=5923.805 penalized_s=5923.805 complete=13/13 audit=True wall_s=0.092
RUN inward_21c99444fea8e45f__negative__bounded BACKBONE virtual_s=6016.163 penalized_s=6016.163 complete=13/13 audit=True wall_s=0.099
RUN inward_21c99444fea8e45f__smooth__bounded BACKBONE virtual_s=5823.456 penalized_s=5823.456 complete=13/13 audit=True wall_s=0.125
RUN inward_21c99444fea8e45f__positive__bounded BACKBONE_ADAPT virtual_s=5976.809 penalized_s=5976.809 complete=13/13 audit=True wall_s=0.109
PROGRESS scenarios=9/96 runs=36/384 failed=0 elapsed_s=1.1
RUN inward_21c99444fea8e45f__spatial_hash__bounded BACKBONE_ADAPT virtual_s=5957.782 penalized_s=5957.782 complete=13/13 audit=True wall_s=0.112
PROGRESS scenarios=10/96 runs=40/384 failed=0 elapsed_s=1.1
RUN tangent_88ba52c10251115c__spatial_hash__bounded HIST_ADAPT virtual_s=6294.004 penalized_s=6294.004 complete=14/14 audit=True wall_s=0.074
RUN tangent_88ba52c10251115c__positive__bounded HIST_ADAPT virtual_s=6281.320 penalized_s=6281.320 complete=14/14 audit=True wall_s=0.072
RUN inward_21c99444fea8e45f__negative__bounded BACKBONE_ADAPT virtual_s=6059.904 penalized_s=6059.904 complete=13/13 audit=True wall_s=0.131
PROGRESS scenarios=11/96 runs=44/384 failed=0 elapsed_s=1.2
RUN inward_21c99444fea8e45f__smooth__bounded BACKBONE_ADAPT virtual_s=5857.206 penalized_s=5857.206 complete=13/13 audit=True wall_s=0.161
PROGRESS scenarios=12/96 runs=48/384 failed=0 elapsed_s=1.3
RUN tangent_88ba52c10251115c__positive__bounded BACKBONE virtual_s=6735.143 penalized_s=6735.143 complete=14/14 audit=True wall_s=0.074
RUN tangent_88ba52c10251115c__spatial_hash__bounded BACKBONE virtual_s=7031.599 penalized_s=7031.599 complete=14/14 audit=True wall_s=0.079
RUN tangent_88ba52c10251115c__negative__bounded HIST_ADAPT virtual_s=6235.412 penalized_s=6235.412 complete=14/14 audit=True wall_s=0.082
RUN tangent_88ba52c10251115c__smooth__bounded HIST_ADAPT virtual_s=6275.225 penalized_s=6275.225 complete=14/14 audit=True wall_s=0.100
RUN tangent_88ba52c10251115c__spatial_hash__bounded BACKBONE_ADAPT virtual_s=6686.539 penalized_s=6686.539 complete=14/14 audit=True wall_s=0.091
RUN tangent_88ba52c10251115c__negative__bounded BACKBONE virtual_s=7032.098 penalized_s=7032.098 complete=14/14 audit=True wall_s=0.074
RUN tangent_88ba52c10251115c__positive__bounded BACKBONE_ADAPT virtual_s=6369.343 penalized_s=6369.343 complete=14/14 audit=True wall_s=0.103
RUN tangent_88ba52c10251115c__spatial_hash__bounded BASE25 virtual_s=6676.855 penalized_s=6676.855 complete=14/14 audit=True wall_s=0.056
PROGRESS scenarios=13/96 runs=52/384 failed=0 elapsed_s=1.5
RUN tangent_88ba52c10251115c__positive__bounded BASE25 virtual_s=6704.338 penalized_s=6704.338 complete=14/14 audit=True wall_s=0.056
PROGRESS scenarios=14/96 runs=56/384 failed=0 elapsed_s=1.5
RUN tangent_88ba52c10251115c__smooth__bounded BACKBONE virtual_s=7103.309 penalized_s=7103.309 complete=14/14 audit=True wall_s=0.095
RUN tangent_88ba52c10251115c__negative__bounded BACKBONE_ADAPT virtual_s=6541.137 penalized_s=6541.137 complete=14/14 audit=True wall_s=0.099
RUN cluster_a7e8790646ac1c86__spatial_hash__bounded BACKBONE virtual_s=7124.320 penalized_s=7124.320 complete=13/13 audit=True wall_s=0.066
RUN cluster_a7e8790646ac1c86__positive__bounded BACKBONE virtual_s=7403.691 penalized_s=7403.691 complete=13/13 audit=True wall_s=0.062
RUN tangent_88ba52c10251115c__negative__bounded BASE25 virtual_s=6656.530 penalized_s=6656.530 complete=14/14 audit=True wall_s=0.048
PROGRESS scenarios=15/96 runs=60/384 failed=0 elapsed_s=1.6
RUN tangent_88ba52c10251115c__smooth__bounded BACKBONE_ADAPT virtual_s=6649.457 penalized_s=6649.457 complete=14/14 audit=True wall_s=0.096
RUN cluster_a7e8790646ac1c86__negative__bounded BACKBONE virtual_s=7184.694 penalized_s=7184.694 complete=13/13 audit=True wall_s=0.058
RUN cluster_a7e8790646ac1c86__spatial_hash__bounded BACKBONE_ADAPT virtual_s=7474.227 penalized_s=7474.227 complete=13/13 audit=True wall_s=0.092
RUN cluster_a7e8790646ac1c86__positive__bounded BACKBONE_ADAPT virtual_s=7023.911 penalized_s=7023.911 complete=13/13 audit=True wall_s=0.100
RUN tangent_88ba52c10251115c__smooth__bounded BASE25 virtual_s=6653.700 penalized_s=6653.700 complete=14/14 audit=True wall_s=0.060
PROGRESS scenarios=16/96 runs=64/384 failed=0 elapsed_s=1.7
RUN cluster_a7e8790646ac1c86__spatial_hash__bounded BASE25 virtual_s=6707.869 penalized_s=6707.869 complete=13/13 audit=True wall_s=0.047
RUN cluster_a7e8790646ac1c86__positive__bounded BASE25 virtual_s=6623.705 penalized_s=6623.705 complete=13/13 audit=True wall_s=0.053
RUN cluster_a7e8790646ac1c86__negative__bounded BACKBONE_ADAPT virtual_s=7581.717 penalized_s=7581.717 complete=13/13 audit=True wall_s=0.079
RUN cluster_a7e8790646ac1c86__spatial_hash__bounded HIST_ADAPT virtual_s=6510.174 penalized_s=6510.174 complete=13/13 audit=True wall_s=0.043
PROGRESS scenarios=17/96 runs=68/384 failed=0 elapsed_s=1.8
RUN cluster_a7e8790646ac1c86__smooth__bounded BACKBONE virtual_s=7208.540 penalized_s=7208.540 complete=13/13 audit=True wall_s=0.070
RUN cluster_a7e8790646ac1c86__negative__bounded BASE25 virtual_s=6734.652 penalized_s=6734.652 complete=13/13 audit=True wall_s=0.048
RUN cluster_a7e8790646ac1c86__positive__bounded HIST_ADAPT virtual_s=6679.908 penalized_s=6679.908 complete=13/13 audit=True wall_s=0.052
PROGRESS scenarios=18/96 runs=72/384 failed=0 elapsed_s=1.8
RUN cluster_a7e8790646ac1c86__smooth__bounded BACKBONE_ADAPT virtual_s=7543.719 penalized_s=7543.719 complete=13/13 audit=True wall_s=0.078
RUN edge_d2849646f83f5b6c__spatial_hash__bounded BACKBONE virtual_s=5828.131 penalized_s=5828.131 complete=15/15 audit=True wall_s=0.091
RUN cluster_a7e8790646ac1c86__negative__bounded HIST_ADAPT virtual_s=6521.737 penalized_s=6521.737 complete=13/13 audit=True wall_s=0.057
PROGRESS scenarios=19/96 runs=76/384 failed=0 elapsed_s=1.9
RUN cluster_a7e8790646ac1c86__smooth__bounded BASE25 virtual_s=7037.730 penalized_s=7037.730 complete=13/13 audit=True wall_s=0.044
RUN edge_d2849646f83f5b6c__positive__bounded BACKBONE virtual_s=5861.319 penalized_s=5861.319 complete=15/15 audit=True wall_s=0.115
RUN cluster_a7e8790646ac1c86__smooth__bounded HIST_ADAPT virtual_s=6786.050 penalized_s=6786.050 complete=13/13 audit=True wall_s=0.046
RUN edge_d2849646f83f5b6c__spatial_hash__bounded BACKBONE_ADAPT virtual_s=5821.131 penalized_s=5821.131 complete=15/15 audit=True wall_s=0.094
PROGRESS scenarios=20/96 runs=80/384 failed=0 elapsed_s=2.0
RUN edge_d2849646f83f5b6c__negative__bounded BACKBONE virtual_s=5897.203 penalized_s=5897.203 complete=15/15 audit=True wall_s=0.111
RUN edge_d2849646f83f5b6c__spatial_hash__bounded BASE25 virtual_s=5495.428 penalized_s=5495.428 complete=15/15 audit=True wall_s=0.063
RUN edge_d2849646f83f5b6c__positive__bounded BACKBONE_ADAPT virtual_s=5880.715 penalized_s=5880.715 complete=15/15 audit=True wall_s=0.113
RUN edge_d2849646f83f5b6c__smooth__bounded BACKBONE virtual_s=5803.626 penalized_s=5803.626 complete=15/15 audit=True wall_s=0.102
RUN edge_d2849646f83f5b6c__negative__bounded BACKBONE_ADAPT virtual_s=5859.617 penalized_s=5859.617 complete=15/15 audit=True wall_s=0.107
RUN edge_d2849646f83f5b6c__spatial_hash__bounded HIST_ADAPT virtual_s=5505.162 penalized_s=5505.162 complete=15/15 audit=True wall_s=0.076
RUN edge_d2849646f83f5b6c__positive__bounded BASE25 virtual_s=5530.720 penalized_s=5530.720 complete=15/15 audit=True wall_s=0.065
PROGRESS scenarios=21/96 runs=84/384 failed=0 elapsed_s=2.1
RUN edge_d2849646f83f5b6c__negative__bounded BASE25 virtual_s=5526.819 penalized_s=5526.819 complete=15/15 audit=True wall_s=0.074
RUN edge_d2849646f83f5b6c__smooth__bounded BACKBONE_ADAPT virtual_s=5821.325 penalized_s=5821.325 complete=15/15 audit=True wall_s=0.111
RUN edge_d2849646f83f5b6c__positive__bounded HIST_ADAPT virtual_s=5517.292 penalized_s=5517.292 complete=15/15 audit=True wall_s=0.078
PROGRESS scenarios=22/96 runs=88/384 failed=0 elapsed_s=2.2
RUN uniform_e5ca39cddadc51f1__spatial_hash__bounded HIST_ADAPT virtual_s=7056.744 penalized_s=7056.744 complete=13/13 audit=True wall_s=0.084
RUN edge_d2849646f83f5b6c__negative__bounded HIST_ADAPT virtual_s=5537.193 penalized_s=5537.193 complete=15/15 audit=True wall_s=0.070
PROGRESS scenarios=23/96 runs=92/384 failed=0 elapsed_s=2.3
RUN edge_d2849646f83f5b6c__smooth__bounded BASE25 virtual_s=5450.910 penalized_s=5450.910 complete=15/15 audit=True wall_s=0.069
RUN uniform_e5ca39cddadc51f1__spatial_hash__bounded BACKBONE virtual_s=6765.988 penalized_s=6765.988 complete=13/13 audit=True wall_s=0.066
RUN uniform_e5ca39cddadc51f1__positive__bounded HIST_ADAPT virtual_s=8140.485 penalized_s=8140.485 complete=13/13 audit=True wall_s=0.094
RUN uniform_e5ca39cddadc51f1__negative__bounded HIST_ADAPT virtual_s=6990.235 penalized_s=6990.235 complete=13/13 audit=True wall_s=0.047
RUN edge_d2849646f83f5b6c__smooth__bounded HIST_ADAPT virtual_s=5472.451 penalized_s=5472.451 complete=15/15 audit=True wall_s=0.078
PROGRESS scenarios=24/96 runs=96/384 failed=0 elapsed_s=2.4
RUN uniform_e5ca39cddadc51f1__spatial_hash__bounded BACKBONE_ADAPT virtual_s=6893.234 penalized_s=6893.234 complete=13/13 audit=True wall_s=0.073
RUN uniform_e5ca39cddadc51f1__negative__bounded BACKBONE virtual_s=6922.265 penalized_s=6922.265 complete=13/13 audit=True wall_s=0.062
RUN uniform_e5ca39cddadc51f1__positive__bounded BACKBONE virtual_s=6786.213 penalized_s=6786.213 complete=13/13 audit=True wall_s=0.070
RUN uniform_e5ca39cddadc51f1__spatial_hash__bounded BASE25 virtual_s=6945.200 penalized_s=6945.200 complete=13/13 audit=True wall_s=0.051
PROGRESS scenarios=25/96 runs=100/384 failed=0 elapsed_s=2.4
RUN outward_8b29502470c08538__spatial_hash__bounded BASE25 virtual_s=8816.892 penalized_s=8816.892 complete=10/10 audit=True wall_s=0.029
RUN uniform_e5ca39cddadc51f1__smooth__bounded HIST_ADAPT virtual_s=6986.693 penalized_s=6986.693 complete=13/13 audit=True wall_s=0.094
RUN uniform_e5ca39cddadc51f1__negative__bounded BACKBONE_ADAPT virtual_s=6833.285 penalized_s=6833.285 complete=13/13 audit=True wall_s=0.071
RUN uniform_e5ca39cddadc51f1__positive__bounded BACKBONE_ADAPT virtual_s=6872.287 penalized_s=6872.287 complete=13/13 audit=True wall_s=0.092
RUN outward_8b29502470c08538__spatial_hash__bounded HIST_ADAPT virtual_s=8773.726 penalized_s=8773.726 complete=10/10 audit=True wall_s=0.031
RUN uniform_e5ca39cddadc51f1__negative__bounded BASE25 virtual_s=7096.578 penalized_s=7096.578 complete=13/13 audit=True wall_s=0.039
PROGRESS scenarios=26/96 runs=104/384 failed=0 elapsed_s=2.5
RUN outward_8b29502470c08538__spatial_hash__bounded BACKBONE virtual_s=8618.429 penalized_s=8618.429 complete=10/10 audit=True wall_s=0.026
RUN outward_8b29502470c08538__positive__bounded BASE25 virtual_s=8840.501 penalized_s=8840.501 complete=10/10 audit=True wall_s=0.027
RUN uniform_e5ca39cddadc51f1__smooth__bounded BACKBONE virtual_s=6753.994 penalized_s=6753.994 complete=13/13 audit=True wall_s=0.078
RUN uniform_e5ca39cddadc51f1__positive__bounded BASE25 virtual_s=7531.926 penalized_s=7531.926 complete=13/13 audit=True wall_s=0.057
PROGRESS scenarios=27/96 runs=108/384 failed=0 elapsed_s=2.6
RUN outward_8b29502470c08538__spatial_hash__bounded BACKBONE_ADAPT virtual_s=8517.839 penalized_s=8517.839 complete=10/10 audit=True wall_s=0.031
PROGRESS scenarios=28/96 runs=112/384 failed=0 elapsed_s=2.6
RUN outward_8b29502470c08538__positive__bounded HIST_ADAPT virtual_s=8822.409 penalized_s=8822.409 complete=10/10 audit=True wall_s=0.039
RUN outward_8b29502470c08538__negative__bounded BASE25 virtual_s=8823.321 penalized_s=8823.321 complete=10/10 audit=True wall_s=0.031
RUN outward_8b29502470c08538__smooth__bounded BASE25 virtual_s=8803.884 penalized_s=8803.884 complete=10/10 audit=True wall_s=0.026
RUN outward_8b29502470c08538__positive__bounded BACKBONE virtual_s=8670.093 penalized_s=8670.093 complete=10/10 audit=True wall_s=0.033
RUN outward_8b29502470c08538__smooth__bounded HIST_ADAPT virtual_s=8800.685 penalized_s=8800.685 complete=10/10 audit=True wall_s=0.031
RUN outward_8b29502470c08538__negative__bounded HIST_ADAPT virtual_s=9558.550 penalized_s=9558.550 complete=10/10 audit=True wall_s=0.045
RUN uniform_e5ca39cddadc51f1__smooth__bounded BACKBONE_ADAPT virtual_s=6812.882 penalized_s=6812.882 complete=13/13 audit=True wall_s=0.096
RUN outward_8b29502470c08538__smooth__bounded BACKBONE virtual_s=8632.683 penalized_s=8632.683 complete=10/10 audit=True wall_s=0.025
RUN outward_8b29502470c08538__negative__bounded BACKBONE virtual_s=8621.375 penalized_s=8621.375 complete=10/10 audit=True wall_s=0.026
RUN outward_8b29502470c08538__positive__bounded BACKBONE_ADAPT virtual_s=8599.866 penalized_s=8599.866 complete=10/10 audit=True wall_s=0.038
PROGRESS scenarios=29/96 runs=116/384 failed=0 elapsed_s=2.7
RUN outward_8b29502470c08538__smooth__bounded BACKBONE_ADAPT virtual_s=8582.825 penalized_s=8582.825 complete=10/10 audit=True wall_s=0.032
PROGRESS scenarios=30/96 runs=120/384 failed=0 elapsed_s=2.7
RUN outward_8b29502470c08538__negative__bounded BACKBONE_ADAPT virtual_s=9302.860 penalized_s=9302.860 complete=10/10 audit=True wall_s=0.035
PROGRESS scenarios=31/96 runs=124/384 failed=0 elapsed_s=2.8
RUN uniform_e5ca39cddadc51f1__smooth__bounded BASE25 virtual_s=6919.724 penalized_s=6919.724 complete=13/13 audit=True wall_s=0.074
PROGRESS scenarios=32/96 runs=128/384 failed=0 elapsed_s=2.8
RUN inward_60fe3bae936f1262__spatial_hash__bounded BACKBONE virtual_s=5489.680 penalized_s=5489.680 complete=16/16 audit=True wall_s=0.063
RUN inward_60fe3bae936f1262__positive__bounded BACKBONE virtual_s=5607.099 penalized_s=5607.099 complete=16/16 audit=True wall_s=0.053
RUN inward_60fe3bae936f1262__smooth__bounded BACKBONE virtual_s=5498.954 penalized_s=5498.954 complete=16/16 audit=True wall_s=0.054
RUN inward_60fe3bae936f1262__negative__bounded BACKBONE virtual_s=5782.641 penalized_s=5782.641 complete=16/16 audit=True wall_s=0.062
RUN inward_60fe3bae936f1262__spatial_hash__bounded BACKBONE_ADAPT virtual_s=4724.920 penalized_s=4724.920 complete=16/16 audit=True wall_s=0.066
RUN inward_60fe3bae936f1262__positive__bounded BACKBONE_ADAPT virtual_s=4722.398 penalized_s=4722.398 complete=16/16 audit=True wall_s=0.066
RUN inward_60fe3bae936f1262__spatial_hash__bounded BASE25 virtual_s=4941.872 penalized_s=4941.872 complete=16/16 audit=True wall_s=0.034
RUN inward_60fe3bae936f1262__smooth__bounded BACKBONE_ADAPT virtual_s=4723.987 penalized_s=4723.987 complete=16/16 audit=True wall_s=0.074
RUN inward_60fe3bae936f1262__negative__bounded BACKBONE_ADAPT virtual_s=4720.590 penalized_s=4720.590 complete=16/16 audit=True wall_s=0.082
RUN inward_60fe3bae936f1262__positive__bounded BASE25 virtual_s=4947.307 penalized_s=4947.307 complete=16/16 audit=True wall_s=0.039
RUN inward_60fe3bae936f1262__smooth__bounded BASE25 virtual_s=4965.444 penalized_s=4965.444 complete=16/16 audit=True wall_s=0.041
RUN inward_60fe3bae936f1262__spatial_hash__bounded HIST_ADAPT virtual_s=4475.419 penalized_s=4475.419 complete=16/16 audit=True wall_s=0.054
PROGRESS scenarios=33/96 runs=132/384 failed=0 elapsed_s=3.0
RUN inward_60fe3bae936f1262__negative__bounded BASE25 virtual_s=5283.158 penalized_s=5283.158 complete=16/16 audit=True wall_s=0.055
RUN inward_60fe3bae936f1262__positive__bounded HIST_ADAPT virtual_s=4497.454 penalized_s=4497.454 complete=16/16 audit=True wall_s=0.059
PROGRESS scenarios=34/96 runs=136/384 failed=0 elapsed_s=3.0
RUN tangent_c499ac156f7ec580__spatial_hash__bounded HIST_ADAPT virtual_s=5665.700 penalized_s=5665.700 complete=16/16 audit=True wall_s=0.058
RUN inward_60fe3bae936f1262__smooth__bounded HIST_ADAPT virtual_s=4488.290 penalized_s=4488.290 complete=16/16 audit=True wall_s=0.071
PROGRESS scenarios=35/96 runs=140/384 failed=0 elapsed_s=3.0
RUN inward_60fe3bae936f1262__negative__bounded HIST_ADAPT virtual_s=4472.625 penalized_s=4472.625 complete=16/16 audit=True wall_s=0.062
RUN tangent_c499ac156f7ec580__positive__bounded HIST_ADAPT virtual_s=5759.582 penalized_s=5759.582 complete=16/16 audit=True wall_s=0.058
PROGRESS scenarios=36/96 runs=144/384 failed=0 elapsed_s=3.1
RUN tangent_c499ac156f7ec580__negative__bounded HIST_ADAPT virtual_s=5358.728 penalized_s=5358.728 complete=16/16 audit=True wall_s=0.065
RUN tangent_c499ac156f7ec580__spatial_hash__bounded BACKBONE virtual_s=6718.558 penalized_s=6718.558 complete=16/16 audit=True wall_s=0.085
RUN tangent_c499ac156f7ec580__positive__bounded BACKBONE virtual_s=7180.041 penalized_s=7180.041 complete=16/16 audit=True wall_s=0.061
RUN tangent_c499ac156f7ec580__smooth__bounded HIST_ADAPT virtual_s=6225.067 penalized_s=6225.067 complete=16/16 audit=True wall_s=0.068
RUN tangent_c499ac156f7ec580__negative__bounded BACKBONE virtual_s=6751.867 penalized_s=6751.867 complete=16/16 audit=True wall_s=0.069
RUN tangent_c499ac156f7ec580__smooth__bounded BACKBONE virtual_s=7149.571 penalized_s=7149.571 complete=16/16 audit=True wall_s=0.073
RUN tangent_c499ac156f7ec580__spatial_hash__bounded BACKBONE_ADAPT virtual_s=6138.424 penalized_s=6138.424 complete=16/16 audit=True wall_s=0.096
RUN tangent_c499ac156f7ec580__positive__bounded BACKBONE_ADAPT virtual_s=6183.395 penalized_s=6183.395 complete=16/16 audit=True wall_s=0.099
RUN tangent_c499ac156f7ec580__spatial_hash__bounded BASE25 virtual_s=5943.244 penalized_s=5943.244 complete=16/16 audit=True wall_s=0.043
RUN tangent_c499ac156f7ec580__positive__bounded BASE25 virtual_s=5993.345 penalized_s=5993.345 complete=16/16 audit=True wall_s=0.044
PROGRESS scenarios=37/96 runs=148/384 failed=0 elapsed_s=3.3
PROGRESS scenarios=38/96 runs=152/384 failed=0 elapsed_s=3.3
RUN tangent_c499ac156f7ec580__negative__bounded BACKBONE_ADAPT virtual_s=5958.130 penalized_s=5958.130 complete=16/16 audit=True wall_s=0.093
RUN tangent_c499ac156f7ec580__smooth__bounded BACKBONE_ADAPT virtual_s=6157.680 penalized_s=6157.680 complete=16/16 audit=True wall_s=0.104
RUN tangent_c499ac156f7ec580__negative__bounded BASE25 virtual_s=5525.313 penalized_s=5525.313 complete=16/16 audit=True wall_s=0.049
PROGRESS scenarios=39/96 runs=156/384 failed=0 elapsed_s=3.3
RUN cluster_b93ab5cfcfc9c055__positive__bounded BACKBONE_ADAPT virtual_s=5685.734 penalized_s=5685.734 complete=13/13 audit=True wall_s=0.100
RUN tangent_c499ac156f7ec580__smooth__bounded BASE25 virtual_s=5929.350 penalized_s=5929.350 complete=16/16 audit=True wall_s=0.058
PROGRESS scenarios=40/96 runs=160/384 failed=0 elapsed_s=3.4
RUN cluster_b93ab5cfcfc9c055__spatial_hash__bounded BACKBONE_ADAPT virtual_s=5651.076 penalized_s=5651.076 complete=13/13 audit=True wall_s=0.125
RUN cluster_b93ab5cfcfc9c055__positive__bounded BASE25 virtual_s=6176.494 penalized_s=6176.494 complete=13/13 audit=True wall_s=0.043
RUN cluster_b93ab5cfcfc9c055__negative__bounded BACKBONE_ADAPT virtual_s=5662.656 penalized_s=5662.656 complete=13/13 audit=True wall_s=0.089
RUN cluster_b93ab5cfcfc9c055__spatial_hash__bounded BASE25 virtual_s=5993.242 penalized_s=5993.242 complete=13/13 audit=True wall_s=0.048
RUN cluster_b93ab5cfcfc9c055__smooth__bounded BACKBONE_ADAPT virtual_s=5661.552 penalized_s=5661.552 complete=13/13 audit=True wall_s=0.093
RUN cluster_b93ab5cfcfc9c055__positive__bounded HIST_ADAPT virtual_s=5791.913 penalized_s=5791.913 complete=13/13 audit=True wall_s=0.060
RUN cluster_b93ab5cfcfc9c055__negative__bounded BASE25 virtual_s=5578.401 penalized_s=5578.401 complete=13/13 audit=True wall_s=0.070
RUN cluster_b93ab5cfcfc9c055__spatial_hash__bounded HIST_ADAPT virtual_s=5545.002 penalized_s=5545.002 complete=13/13 audit=True wall_s=0.065
RUN cluster_b93ab5cfcfc9c055__smooth__bounded BASE25 virtual_s=5783.734 penalized_s=5783.734 complete=13/13 audit=True wall_s=0.072
RUN cluster_b93ab5cfcfc9c055__positive__bounded BACKBONE virtual_s=5898.189 penalized_s=5898.189 complete=13/13 audit=True wall_s=0.079
PROGRESS scenarios=41/96 runs=164/384 failed=0 elapsed_s=3.6
RUN cluster_b93ab5cfcfc9c055__negative__bounded HIST_ADAPT virtual_s=5556.788 penalized_s=5556.788 complete=13/13 audit=True wall_s=0.089
RUN cluster_b93ab5cfcfc9c055__spatial_hash__bounded BACKBONE virtual_s=5945.550 penalized_s=5945.550 complete=13/13 audit=True wall_s=0.075
PROGRESS scenarios=42/96 runs=168/384 failed=0 elapsed_s=3.6
RUN cluster_b93ab5cfcfc9c055__smooth__bounded HIST_ADAPT virtual_s=5602.436 penalized_s=5602.436 complete=13/13 audit=True wall_s=0.074
RUN edge_9498d797101ef141__spatial_hash__bounded BACKBONE_ADAPT virtual_s=8846.946 penalized_s=8846.946 complete=12/12 audit=True wall_s=0.067
RUN cluster_b93ab5cfcfc9c055__negative__bounded BACKBONE virtual_s=5707.864 penalized_s=5707.864 complete=13/13 audit=True wall_s=0.085
RUN edge_9498d797101ef141__spatial_hash__bounded BASE25 virtual_s=8672.378 penalized_s=8672.378 complete=12/12 audit=True wall_s=0.035
PROGRESS scenarios=43/96 runs=172/384 failed=0 elapsed_s=3.7
RUN cluster_b93ab5cfcfc9c055__smooth__bounded BACKBONE virtual_s=6118.338 penalized_s=6118.338 complete=13/13 audit=True wall_s=0.073
PROGRESS scenarios=44/96 runs=176/384 failed=0 elapsed_s=3.7
RUN edge_9498d797101ef141__positive__bounded BACKBONE_ADAPT virtual_s=9565.224 penalized_s=9565.224 complete=12/12 audit=True wall_s=0.109
RUN edge_9498d797101ef141__spatial_hash__bounded HIST_ADAPT virtual_s=9382.308 penalized_s=9382.308 complete=12/12 audit=True wall_s=0.044
RUN edge_9498d797101ef141__negative__bounded BACKBONE_ADAPT virtual_s=8868.363 penalized_s=8868.363 complete=12/12 audit=True wall_s=0.074
RUN edge_9498d797101ef141__positive__bounded BASE25 virtual_s=8907.049 penalized_s=8907.049 complete=12/12 audit=True wall_s=0.047
RUN edge_9498d797101ef141__smooth__bounded BACKBONE_ADAPT virtual_s=8872.327 penalized_s=8872.327 complete=12/12 audit=True wall_s=0.061
RUN edge_9498d797101ef141__spatial_hash__bounded BACKBONE virtual_s=8814.882 penalized_s=8814.882 complete=12/12 audit=True wall_s=0.052
RUN edge_9498d797101ef141__negative__bounded BASE25 virtual_s=8896.716 penalized_s=8896.716 complete=12/12 audit=True wall_s=0.035
PROGRESS scenarios=45/96 runs=180/384 failed=0 elapsed_s=3.8
RUN edge_9498d797101ef141__smooth__bounded BASE25 virtual_s=8872.433 penalized_s=8872.433 complete=12/12 audit=True wall_s=0.036
RUN edge_9498d797101ef141__negative__bounded HIST_ADAPT virtual_s=8962.434 penalized_s=8962.434 complete=12/12 audit=True wall_s=0.050
RUN edge_9498d797101ef141__positive__bounded HIST_ADAPT virtual_s=10288.398 penalized_s=10288.398 complete=12/12 audit=True wall_s=0.090
RUN edge_9498d797101ef141__smooth__bounded HIST_ADAPT virtual_s=8960.564 penalized_s=8960.564 complete=12/12 audit=True wall_s=0.049
RUN uniform_145daa7bdff72175__spatial_hash__bounded BACKBONE_ADAPT virtual_s=6068.847 penalized_s=6068.847 complete=16/16 audit=True wall_s=0.086
RUN edge_9498d797101ef141__negative__bounded BACKBONE virtual_s=8959.169 penalized_s=8959.169 complete=12/12 audit=True wall_s=0.052
PROGRESS scenarios=46/96 runs=184/384 failed=0 elapsed_s=4.0
RUN edge_9498d797101ef141__smooth__bounded BACKBONE virtual_s=8798.701 penalized_s=8798.701 complete=12/12 audit=True wall_s=0.049
PROGRESS scenarios=47/96 runs=188/384 failed=0 elapsed_s=4.0
RUN uniform_145daa7bdff72175__spatial_hash__bounded BASE25 virtual_s=5167.569 penalized_s=5167.569 complete=16/16 audit=True wall_s=0.053
RUN edge_9498d797101ef141__positive__bounded BACKBONE virtual_s=8848.021 penalized_s=8848.021 complete=12/12 audit=True wall_s=0.077
PROGRESS scenarios=48/96 runs=192/384 failed=0 elapsed_s=4.0
RUN uniform_145daa7bdff72175__spatial_hash__bounded HIST_ADAPT virtual_s=5083.049 penalized_s=5083.049 complete=16/16 audit=True wall_s=0.064
RUN uniform_145daa7bdff72175__positive__bounded BACKBONE_ADAPT virtual_s=6938.959 penalized_s=6938.959 complete=16/16 audit=True wall_s=0.094
RUN uniform_145daa7bdff72175__negative__bounded BACKBONE_ADAPT virtual_s=6100.879 penalized_s=6100.879 complete=16/16 audit=True wall_s=0.089
RUN uniform_145daa7bdff72175__positive__bounded BASE25 virtual_s=5056.831 penalized_s=5056.831 complete=16/16 audit=True wall_s=0.064
RUN uniform_145daa7bdff72175__negative__bounded BASE25 virtual_s=5310.045 penalized_s=5310.045 complete=16/16 audit=True wall_s=0.059
RUN uniform_145daa7bdff72175__spatial_hash__bounded BACKBONE virtual_s=6134.050 penalized_s=6134.050 complete=16/16 audit=True wall_s=0.097
RUN uniform_145daa7bdff72175__smooth__bounded BACKBONE_ADAPT virtual_s=6883.625 penalized_s=6883.625 complete=16/16 audit=True wall_s=0.140
PROGRESS scenarios=49/96 runs=196/384 failed=0 elapsed_s=4.2
RUN uniform_145daa7bdff72175__negative__bounded HIST_ADAPT virtual_s=5163.440 penalized_s=5163.440 complete=16/16 audit=True wall_s=0.067
RUN uniform_145daa7bdff72175__positive__bounded HIST_ADAPT virtual_s=4947.521 penalized_s=4947.521 complete=16/16 audit=True wall_s=0.075
RUN outward_3b514d2d38d2a25c__spatial_hash__bounded HIST_ADAPT virtual_s=9508.892 penalized_s=9508.892 complete=15/15 audit=True wall_s=0.056
RUN uniform_145daa7bdff72175__smooth__bounded BASE25 virtual_s=5209.219 penalized_s=5209.219 complete=16/16 audit=True wall_s=0.071
RUN outward_3b514d2d38d2a25c__spatial_hash__bounded BACKBONE virtual_s=10159.298 penalized_s=10159.298 complete=15/15 audit=True wall_s=0.041
RUN uniform_145daa7bdff72175__positive__bounded BACKBONE virtual_s=6266.570 penalized_s=6266.570 complete=16/16 audit=True wall_s=0.086
RUN uniform_145daa7bdff72175__negative__bounded BACKBONE virtual_s=6354.914 penalized_s=6354.914 complete=16/16 audit=True wall_s=0.091
PROGRESS scenarios=50/96 runs=200/384 failed=0 elapsed_s=4.3
PROGRESS scenarios=51/96 runs=204/384 failed=0 elapsed_s=4.3
RUN uniform_145daa7bdff72175__smooth__bounded HIST_ADAPT virtual_s=5921.373 penalized_s=5921.373 complete=16/16 audit=True wall_s=0.105
RUN outward_3b514d2d38d2a25c__spatial_hash__bounded BACKBONE_ADAPT virtual_s=9695.710 penalized_s=9695.710 complete=15/15 audit=True wall_s=0.060
RUN outward_3b514d2d38d2a25c__negative__bounded HIST_ADAPT virtual_s=9622.321 penalized_s=9622.321 complete=15/15 audit=True wall_s=0.061
RUN outward_3b514d2d38d2a25c__spatial_hash__bounded BASE25 virtual_s=9902.615 penalized_s=9902.615 complete=15/15 audit=True wall_s=0.036
RUN outward_3b514d2d38d2a25c__positive__bounded HIST_ADAPT virtual_s=10483.349 penalized_s=10483.349 complete=15/15 audit=True wall_s=0.079
PROGRESS scenarios=52/96 runs=208/384 failed=0 elapsed_s=4.4
RUN outward_3b514d2d38d2a25c__negative__bounded BACKBONE virtual_s=10173.753 penalized_s=10173.753 complete=15/15 audit=True wall_s=0.041
RUN outward_3b514d2d38d2a25c__positive__bounded BACKBONE virtual_s=10877.666 penalized_s=10877.666 complete=15/15 audit=True wall_s=0.043
RUN uniform_145daa7bdff72175__smooth__bounded BACKBONE virtual_s=6113.755 penalized_s=6113.755 complete=16/16 audit=True wall_s=0.118
PROGRESS scenarios=53/96 runs=212/384 failed=0 elapsed_s=4.5
RUN outward_3b514d2d38d2a25c__smooth__bounded HIST_ADAPT virtual_s=10273.990 penalized_s=10273.990 complete=15/15 audit=True wall_s=0.075
RUN outward_3b514d2d38d2a25c__negative__bounded BACKBONE_ADAPT virtual_s=9870.827 penalized_s=9870.827 complete=15/15 audit=True wall_s=0.055
RUN outward_3b514d2d38d2a25c__smooth__bounded BACKBONE virtual_s=11022.846 penalized_s=11022.846 complete=15/15 audit=True wall_s=0.045
RUN outward_3b514d2d38d2a25c__positive__bounded BACKBONE_ADAPT virtual_s=10681.535 penalized_s=10681.535 complete=15/15 audit=True wall_s=0.085
RUN inward_6b56c17ef359ca39__spatial_hash__bounded BACKBONE virtual_s=6269.244 penalized_s=6269.244 complete=13/13 audit=True wall_s=0.078
RUN outward_3b514d2d38d2a25c__negative__bounded BASE25 virtual_s=9973.453 penalized_s=9973.453 complete=15/15 audit=True wall_s=0.032
PROGRESS scenarios=54/96 runs=216/384 failed=0 elapsed_s=4.6
RUN outward_3b514d2d38d2a25c__positive__bounded BASE25 virtual_s=10626.164 penalized_s=10626.164 complete=15/15 audit=True wall_s=0.033
PROGRESS scenarios=55/96 runs=220/384 failed=0 elapsed_s=4.6
RUN outward_3b514d2d38d2a25c__smooth__bounded BACKBONE_ADAPT virtual_s=10436.782 penalized_s=10436.782 complete=15/15 audit=True wall_s=0.080
RUN inward_6b56c17ef359ca39__positive__bounded BACKBONE virtual_s=6315.412 penalized_s=6315.412 complete=13/13 audit=True wall_s=0.069
RUN inward_6b56c17ef359ca39__negative__bounded BACKBONE virtual_s=6345.475 penalized_s=6345.475 complete=13/13 audit=True wall_s=0.070
RUN inward_6b56c17ef359ca39__spatial_hash__bounded BACKBONE_ADAPT virtual_s=5814.497 penalized_s=5814.497 complete=13/13 audit=True wall_s=0.114
RUN outward_3b514d2d38d2a25c__smooth__bounded BASE25 virtual_s=10744.017 penalized_s=10744.017 complete=15/15 audit=True wall_s=0.042
PROGRESS scenarios=56/96 runs=224/384 failed=0 elapsed_s=4.7
RUN inward_6b56c17ef359ca39__positive__bounded BACKBONE_ADAPT virtual_s=5987.494 penalized_s=5987.494 complete=13/13 audit=True wall_s=0.084
RUN inward_6b56c17ef359ca39__spatial_hash__bounded BASE25 virtual_s=5367.856 penalized_s=5367.856 complete=13/13 audit=True wall_s=0.053
RUN inward_6b56c17ef359ca39__smooth__bounded BACKBONE virtual_s=6257.390 penalized_s=6257.390 complete=13/13 audit=True wall_s=0.072
RUN inward_6b56c17ef359ca39__negative__bounded BACKBONE_ADAPT virtual_s=5817.025 penalized_s=5817.025 complete=13/13 audit=True wall_s=0.099
RUN inward_6b56c17ef359ca39__positive__bounded BASE25 virtual_s=5421.353 penalized_s=5421.353 complete=13/13 audit=True wall_s=0.050
RUN inward_6b56c17ef359ca39__spatial_hash__bounded HIST_ADAPT virtual_s=5404.353 penalized_s=5404.353 complete=13/13 audit=True wall_s=0.052
PROGRESS scenarios=57/96 runs=228/384 failed=0 elapsed_s=4.8
RUN inward_6b56c17ef359ca39__positive__bounded HIST_ADAPT virtual_s=5401.111 penalized_s=5401.111 complete=13/13 audit=True wall_s=0.055
RUN inward_6b56c17ef359ca39__negative__bounded BASE25 virtual_s=5401.620 penalized_s=5401.620 complete=13/13 audit=True wall_s=0.066
PROGRESS scenarios=58/96 runs=232/384 failed=0 elapsed_s=4.9
RUN tangent_15102aee79377728__spatial_hash__bounded BACKBONE virtual_s=7449.394 penalized_s=7449.394 complete=13/13 audit=True wall_s=0.073
RUN inward_6b56c17ef359ca39__smooth__bounded BACKBONE_ADAPT virtual_s=5795.203 penalized_s=5795.203 complete=13/13 audit=True wall_s=0.105
RUN tangent_15102aee79377728__positive__bounded BACKBONE virtual_s=7504.088 penalized_s=7504.088 complete=13/13 audit=True wall_s=0.070
RUN inward_6b56c17ef359ca39__negative__bounded HIST_ADAPT virtual_s=5418.359 penalized_s=5418.359 complete=13/13 audit=True wall_s=0.082
RUN inward_6b56c17ef359ca39__smooth__bounded BASE25 virtual_s=5360.314 penalized_s=5360.314 complete=13/13 audit=True wall_s=0.057
PROGRESS scenarios=59/96 runs=236/384 failed=0 elapsed_s=5.0
RUN tangent_15102aee79377728__spatial_hash__bounded BACKBONE_ADAPT virtual_s=7079.166 penalized_s=7079.166 complete=13/13 audit=True wall_s=0.118
RUN inward_6b56c17ef359ca39__smooth__bounded HIST_ADAPT virtual_s=5368.184 penalized_s=5368.184 complete=13/13 audit=True wall_s=0.064
PROGRESS scenarios=60/96 runs=240/384 failed=0 elapsed_s=5.1
RUN tangent_15102aee79377728__positive__bounded BACKBONE_ADAPT virtual_s=7075.345 penalized_s=7075.345 complete=13/13 audit=True wall_s=0.094
RUN tangent_15102aee79377728__negative__bounded BACKBONE virtual_s=7276.825 penalized_s=7276.825 complete=13/13 audit=True wall_s=0.084
RUN tangent_15102aee79377728__spatial_hash__bounded BASE25 virtual_s=7134.491 penalized_s=7134.491 complete=13/13 audit=True wall_s=0.050
RUN tangent_15102aee79377728__smooth__bounded BACKBONE virtual_s=7235.772 penalized_s=7235.772 complete=13/13 audit=True wall_s=0.072
RUN tangent_15102aee79377728__positive__bounded BASE25 virtual_s=7176.196 penalized_s=7176.196 complete=13/13 audit=True wall_s=0.063
RUN tangent_15102aee79377728__spatial_hash__bounded HIST_ADAPT virtual_s=6887.719 penalized_s=6887.719 complete=13/13 audit=True wall_s=0.063
PROGRESS scenarios=61/96 runs=244/384 failed=0 elapsed_s=5.2
RUN tangent_15102aee79377728__negative__bounded BACKBONE_ADAPT virtual_s=6879.672 penalized_s=6879.672 complete=13/13 audit=True wall_s=0.129
RUN cluster_3b1f102032c8ee68__spatial_hash__bounded BASE25 virtual_s=7042.377 penalized_s=7042.377 complete=10/10 audit=True wall_s=0.043
RUN tangent_15102aee79377728__positive__bounded HIST_ADAPT virtual_s=6907.355 penalized_s=6907.355 complete=13/13 audit=True wall_s=0.070
RUN tangent_15102aee79377728__smooth__bounded BACKBONE_ADAPT virtual_s=6868.038 penalized_s=6868.038 complete=13/13 audit=True wall_s=0.082
PROGRESS scenarios=62/96 runs=248/384 failed=0 elapsed_s=5.2
RUN cluster_3b1f102032c8ee68__positive__bounded BASE25 virtual_s=7917.833 penalized_s=7917.833 complete=10/10 audit=True wall_s=0.037
RUN tangent_15102aee79377728__negative__bounded BASE25 virtual_s=7162.389 penalized_s=7162.389 complete=13/13 audit=True wall_s=0.056
RUN cluster_3b1f102032c8ee68__spatial_hash__bounded HIST_ADAPT virtual_s=6960.854 penalized_s=6960.854 complete=10/10 audit=True wall_s=0.051
RUN tangent_15102aee79377728__smooth__bounded BASE25 virtual_s=7142.473 penalized_s=7142.473 complete=13/13 audit=True wall_s=0.064
RUN cluster_3b1f102032c8ee68__positive__bounded HIST_ADAPT virtual_s=7648.060 penalized_s=7648.060 complete=10/10 audit=True wall_s=0.042
RUN cluster_3b1f102032c8ee68__spatial_hash__bounded BACKBONE virtual_s=6999.210 penalized_s=6999.210 complete=10/10 audit=True wall_s=0.050
RUN tangent_15102aee79377728__negative__bounded HIST_ADAPT virtual_s=6914.021 penalized_s=6914.021 complete=13/13 audit=True wall_s=0.076
PROGRESS scenarios=63/96 runs=252/384 failed=0 elapsed_s=5.4
RUN cluster_3b1f102032c8ee68__positive__bounded BACKBONE virtual_s=7346.312 penalized_s=7346.312 complete=10/10 audit=True wall_s=0.051
RUN tangent_15102aee79377728__smooth__bounded HIST_ADAPT virtual_s=6901.493 penalized_s=6901.493 complete=13/13 audit=True wall_s=0.087
PROGRESS scenarios=64/96 runs=256/384 failed=0 elapsed_s=5.4
RUN cluster_3b1f102032c8ee68__spatial_hash__bounded BACKBONE_ADAPT virtual_s=6879.426 penalized_s=6879.426 complete=10/10 audit=True wall_s=0.053
PROGRESS scenarios=65/96 runs=260/384 failed=0 elapsed_s=5.4
RUN cluster_3b1f102032c8ee68__negative__bounded BASE25 virtual_s=7063.903 penalized_s=7063.903 complete=10/10 audit=True wall_s=0.045
RUN cluster_3b1f102032c8ee68__smooth__bounded BASE25 virtual_s=7606.989 penalized_s=7606.989 complete=10/10 audit=True wall_s=0.049
RUN cluster_3b1f102032c8ee68__positive__bounded BACKBONE_ADAPT virtual_s=6966.136 penalized_s=6966.136 complete=10/10 audit=True wall_s=0.065
PROGRESS scenarios=66/96 runs=264/384 failed=0 elapsed_s=5.5
RUN cluster_3b1f102032c8ee68__negative__bounded HIST_ADAPT virtual_s=7509.457 penalized_s=7509.457 complete=10/10 audit=True wall_s=0.050
RUN edge_a2840c26883d61e1__spatial_hash__bounded BACKBONE virtual_s=8138.832 penalized_s=8138.832 complete=15/15 audit=True wall_s=0.071
RUN cluster_3b1f102032c8ee68__smooth__bounded HIST_ADAPT virtual_s=7528.190 penalized_s=7528.190 complete=10/10 audit=True wall_s=0.050
RUN cluster_3b1f102032c8ee68__negative__bounded BACKBONE virtual_s=7711.640 penalized_s=7711.640 complete=10/10 audit=True wall_s=0.054
RUN cluster_3b1f102032c8ee68__smooth__bounded BACKBONE virtual_s=7175.834 penalized_s=7175.834 complete=10/10 audit=True wall_s=0.047
RUN edge_a2840c26883d61e1__positive__bounded BACKBONE virtual_s=9210.888 penalized_s=9210.888 complete=15/15 audit=True wall_s=0.101
RUN edge_a2840c26883d61e1__spatial_hash__bounded BACKBONE_ADAPT virtual_s=7992.293 penalized_s=7992.293 complete=15/15 audit=True wall_s=0.084
RUN cluster_3b1f102032c8ee68__negative__bounded BACKBONE_ADAPT virtual_s=7421.792 penalized_s=7421.792 complete=10/10 audit=True wall_s=0.061
RUN edge_a2840c26883d61e1__spatial_hash__bounded BASE25 virtual_s=7362.428 penalized_s=7362.428 complete=15/15 audit=True wall_s=0.042
PROGRESS scenarios=67/96 runs=268/384 failed=0 elapsed_s=5.6
RUN cluster_3b1f102032c8ee68__smooth__bounded BACKBONE_ADAPT virtual_s=6985.169 penalized_s=6985.169 complete=10/10 audit=True wall_s=0.058
PROGRESS scenarios=68/96 runs=272/384 failed=0 elapsed_s=5.7
RUN edge_a2840c26883d61e1__spatial_hash__bounded HIST_ADAPT virtual_s=7314.827 penalized_s=7314.827 complete=15/15 audit=True wall_s=0.051
RUN edge_a2840c26883d61e1__positive__bounded BACKBONE_ADAPT virtual_s=9046.750 penalized_s=9046.750 complete=15/15 audit=True wall_s=0.112
PROGRESS scenarios=69/96 runs=276/384 failed=0 elapsed_s=5.7
RUN edge_a2840c26883d61e1__smooth__bounded BACKBONE virtual_s=8132.818 penalized_s=8132.818 complete=15/15 audit=True wall_s=0.087
RUN edge_a2840c26883d61e1__negative__bounded BACKBONE virtual_s=9837.567 penalized_s=9837.567 complete=15/15 audit=True wall_s=0.108
RUN edge_a2840c26883d61e1__positive__bounded BASE25 virtual_s=8159.735 penalized_s=8159.735 complete=15/15 audit=True wall_s=0.048
RUN uniform_af970b0b12b01d92__spatial_hash__bounded BACKBONE_ADAPT virtual_s=6011.911 penalized_s=6011.911 complete=12/12 audit=True wall_s=0.069
RUN uniform_af970b0b12b01d92__spatial_hash__bounded BASE25 virtual_s=5797.500 penalized_s=5797.500 complete=12/12 audit=True wall_s=0.068
RUN edge_a2840c26883d61e1__smooth__bounded BACKBONE_ADAPT virtual_s=7973.861 penalized_s=7973.861 complete=15/15 audit=True wall_s=0.094
RUN edge_a2840c26883d61e1__positive__bounded HIST_ADAPT virtual_s=8735.617 penalized_s=8735.617 complete=15/15 audit=True wall_s=0.110
PROGRESS scenarios=70/96 runs=280/384 failed=0 elapsed_s=5.9
RUN edge_a2840c26883d61e1__smooth__bounded BASE25 virtual_s=7361.618 penalized_s=7361.618 complete=15/15 audit=True wall_s=0.043
RUN edge_a2840c26883d61e1__negative__bounded BACKBONE_ADAPT virtual_s=10277.455 penalized_s=10277.455 complete=15/15 audit=True wall_s=0.141
RUN uniform_af970b0b12b01d92__spatial_hash__bounded HIST_ADAPT virtual_s=5794.942 penalized_s=5794.942 complete=12/12 audit=True wall_s=0.073
RUN edge_a2840c26883d61e1__negative__bounded BASE25 virtual_s=7520.926 penalized_s=7520.926 complete=15/15 audit=True wall_s=0.049
RUN edge_a2840c26883d61e1__smooth__bounded HIST_ADAPT virtual_s=7307.362 penalized_s=7307.362 complete=15/15 audit=True wall_s=0.051
PROGRESS scenarios=71/96 runs=284/384 failed=0 elapsed_s=6.0
RUN uniform_af970b0b12b01d92__positive__bounded BACKBONE_ADAPT virtual_s=5820.979 penalized_s=5820.979 complete=12/12 audit=True wall_s=0.099
RUN uniform_af970b0b12b01d92__spatial_hash__bounded BACKBONE virtual_s=6318.619 penalized_s=6318.619 complete=12/12 audit=True wall_s=0.061
PROGRESS scenarios=72/96 runs=288/384 failed=0 elapsed_s=6.0
RUN edge_a2840c26883d61e1__negative__bounded HIST_ADAPT virtual_s=7499.627 penalized_s=7499.627 complete=15/15 audit=True wall_s=0.072
RUN uniform_af970b0b12b01d92__negative__bounded BACKBONE_ADAPT virtual_s=5938.496 penalized_s=5938.496 complete=12/12 audit=True wall_s=0.074
PROGRESS scenarios=73/96 runs=292/384 failed=0 elapsed_s=6.1
RUN uniform_af970b0b12b01d92__smooth__bounded BACKBONE_ADAPT virtual_s=5814.545 penalized_s=5814.545 complete=12/12 audit=True wall_s=0.071
RUN uniform_af970b0b12b01d92__positive__bounded BASE25 virtual_s=5774.781 penalized_s=5774.781 complete=12/12 audit=True wall_s=0.084
RUN outward_fbe869b0a4890c18__spatial_hash__bounded BASE25 virtual_s=10264.720 penalized_s=10264.720 complete=15/15 audit=True wall_s=0.045
RUN uniform_af970b0b12b01d92__negative__bounded BASE25 virtual_s=5812.818 penalized_s=5812.818 complete=12/12 audit=True wall_s=0.080
RUN uniform_af970b0b12b01d92__smooth__bounded BASE25 virtual_s=5754.067 penalized_s=5754.067 complete=12/12 audit=True wall_s=0.068
RUN outward_fbe869b0a4890c18__spatial_hash__bounded HIST_ADAPT virtual_s=9752.046 penalized_s=9752.046 complete=15/15 audit=True wall_s=0.043
RUN uniform_af970b0b12b01d92__positive__bounded HIST_ADAPT virtual_s=5791.950 penalized_s=5791.950 complete=12/12 audit=True wall_s=0.087
RUN outward_fbe869b0a4890c18__spatial_hash__bounded BACKBONE virtual_s=10773.582 penalized_s=10773.582 complete=15/15 audit=True wall_s=0.032
RUN uniform_af970b0b12b01d92__smooth__bounded HIST_ADAPT virtual_s=5780.268 penalized_s=5780.268 complete=12/12 audit=True wall_s=0.073
RUN uniform_af970b0b12b01d92__negative__bounded HIST_ADAPT virtual_s=5795.571 penalized_s=5795.571 complete=12/12 audit=True wall_s=0.085
RUN outward_fbe869b0a4890c18__spatial_hash__bounded BACKBONE_ADAPT virtual_s=9933.988 penalized_s=9933.988 complete=15/15 audit=True wall_s=0.038
PROGRESS scenarios=74/96 runs=296/384 failed=0 elapsed_s=6.3
RUN uniform_af970b0b12b01d92__positive__bounded BACKBONE virtual_s=6084.442 penalized_s=6084.442 complete=12/12 audit=True wall_s=0.085
PROGRESS scenarios=75/96 runs=300/384 failed=0 elapsed_s=6.3
RUN uniform_af970b0b12b01d92__smooth__bounded BACKBONE virtual_s=6022.930 penalized_s=6022.930 complete=12/12 audit=True wall_s=0.064
RUN uniform_af970b0b12b01d92__negative__bounded BACKBONE virtual_s=6288.475 penalized_s=6288.475 complete=12/12 audit=True wall_s=0.065
PROGRESS scenarios=76/96 runs=304/384 failed=0 elapsed_s=6.3
PROGRESS scenarios=77/96 runs=308/384 failed=0 elapsed_s=6.3
RUN outward_fbe869b0a4890c18__positive__bounded BASE25 virtual_s=10101.847 penalized_s=10101.847 complete=15/15 audit=True wall_s=0.051
RUN outward_fbe869b0a4890c18__negative__bounded BASE25 virtual_s=10590.209 penalized_s=10590.209 complete=15/15 audit=True wall_s=0.055
RUN outward_fbe869b0a4890c18__smooth__bounded BASE25 virtual_s=9885.275 penalized_s=9885.275 complete=15/15 audit=True wall_s=0.037
RUN outward_fbe869b0a4890c18__positive__bounded HIST_ADAPT virtual_s=9594.414 penalized_s=9594.414 complete=15/15 audit=True wall_s=0.058
RUN inward_da31b96edab12361__spatial_hash__bounded BACKBONE virtual_s=5764.150 penalized_s=5764.150 complete=14/14 audit=True wall_s=0.090
RUN outward_fbe869b0a4890c18__smooth__bounded HIST_ADAPT virtual_s=10212.282 penalized_s=10212.282 complete=15/15 audit=True wall_s=0.050
RUN outward_fbe869b0a4890c18__positive__bounded BACKBONE virtual_s=11021.746 penalized_s=11021.746 complete=15/15 audit=True wall_s=0.033
RUN outward_fbe869b0a4890c18__negative__bounded HIST_ADAPT virtual_s=10916.078 penalized_s=10916.078 complete=15/15 audit=True wall_s=0.069
RUN outward_fbe869b0a4890c18__smooth__bounded BACKBONE virtual_s=10618.285 penalized_s=10618.285 complete=15/15 audit=True wall_s=0.030
RUN outward_fbe869b0a4890c18__positive__bounded BACKBONE_ADAPT virtual_s=10505.239 penalized_s=10505.239 complete=15/15 audit=True wall_s=0.040
RUN outward_fbe869b0a4890c18__negative__bounded BACKBONE virtual_s=11597.658 penalized_s=11597.658 complete=15/15 audit=True wall_s=0.044
PROGRESS scenarios=78/96 runs=312/384 failed=0 elapsed_s=6.5
RUN outward_fbe869b0a4890c18__smooth__bounded BACKBONE_ADAPT virtual_s=10007.193 penalized_s=10007.193 complete=15/15 audit=True wall_s=0.036
PROGRESS scenarios=79/96 runs=316/384 failed=0 elapsed_s=6.5
RUN inward_da31b96edab12361__spatial_hash__bounded BACKBONE_ADAPT virtual_s=5902.581 penalized_s=5902.581 complete=14/14 audit=True wall_s=0.105
RUN outward_fbe869b0a4890c18__negative__bounded BACKBONE_ADAPT virtual_s=10725.032 penalized_s=10725.032 complete=15/15 audit=True wall_s=0.037
PROGRESS scenarios=80/96 runs=320/384 failed=0 elapsed_s=6.6
RUN inward_da31b96edab12361__spatial_hash__bounded BASE25 virtual_s=5586.599 penalized_s=5586.599 complete=14/14 audit=True wall_s=0.052
RUN inward_da31b96edab12361__negative__bounded BACKBONE virtual_s=5904.838 penalized_s=5904.838 complete=14/14 audit=True wall_s=0.090
RUN inward_da31b96edab12361__positive__bounded BACKBONE virtual_s=5935.764 penalized_s=5935.764 complete=14/14 audit=True wall_s=0.104
RUN inward_da31b96edab12361__spatial_hash__bounded HIST_ADAPT virtual_s=5699.373 penalized_s=5699.373 complete=14/14 audit=True wall_s=0.057
RUN inward_da31b96edab12361__smooth__bounded BACKBONE virtual_s=5778.653 penalized_s=5778.653 complete=14/14 audit=True wall_s=0.099
PROGRESS scenarios=81/96 runs=324/384 failed=0 elapsed_s=6.7
RUN tangent_8a8b8c78ec4b47cc__spatial_hash__bounded BASE25 virtual_s=8073.353 penalized_s=8073.353 complete=11/11 audit=True wall_s=0.054
RUN inward_da31b96edab12361__negative__bounded BACKBONE_ADAPT virtual_s=5991.826 penalized_s=5991.826 complete=14/14 audit=True wall_s=0.107
RUN inward_da31b96edab12361__positive__bounded BACKBONE_ADAPT virtual_s=6005.010 penalized_s=6005.010 complete=14/14 audit=True wall_s=0.144
RUN inward_da31b96edab12361__negative__bounded BASE25 virtual_s=5603.945 penalized_s=5603.945 complete=14/14 audit=True wall_s=0.042
RUN inward_da31b96edab12361__smooth__bounded BACKBONE_ADAPT virtual_s=5829.734 penalized_s=5829.734 complete=14/14 audit=True wall_s=0.133
RUN tangent_8a8b8c78ec4b47cc__spatial_hash__bounded HIST_ADAPT virtual_s=7620.295 penalized_s=7620.295 complete=11/11 audit=True wall_s=0.070
RUN inward_da31b96edab12361__positive__bounded BASE25 virtual_s=5630.398 penalized_s=5630.398 complete=14/14 audit=True wall_s=0.046
RUN inward_da31b96edab12361__negative__bounded HIST_ADAPT virtual_s=5690.718 penalized_s=5690.718 complete=14/14 audit=True wall_s=0.067
PROGRESS scenarios=82/96 runs=328/384 failed=0 elapsed_s=6.9
RUN inward_da31b96edab12361__smooth__bounded BASE25 virtual_s=5498.494 penalized_s=5498.494 complete=14/14 audit=True wall_s=0.055
RUN tangent_8a8b8c78ec4b47cc__spatial_hash__bounded BACKBONE virtual_s=6889.039 penalized_s=6889.039 complete=11/11 audit=True wall_s=0.061
RUN tangent_8a8b8c78ec4b47cc__positive__bounded BASE25 virtual_s=7832.449 penalized_s=7832.449 complete=11/11 audit=True wall_s=0.044
RUN inward_da31b96edab12361__positive__bounded HIST_ADAPT virtual_s=5714.258 penalized_s=5714.258 complete=14/14 audit=True wall_s=0.083
PROGRESS scenarios=83/96 runs=332/384 failed=0 elapsed_s=6.9
RUN inward_da31b96edab12361__smooth__bounded HIST_ADAPT virtual_s=5511.796 penalized_s=5511.796 complete=14/14 audit=True wall_s=0.070
RUN tangent_8a8b8c78ec4b47cc__spatial_hash__bounded BACKBONE_ADAPT virtual_s=6685.736 penalized_s=6685.736 complete=11/11 audit=True wall_s=0.061
PROGRESS scenarios=84/96 runs=336/384 failed=0 elapsed_s=7.0
PROGRESS scenarios=85/96 runs=340/384 failed=0 elapsed_s=7.0
RUN tangent_8a8b8c78ec4b47cc__negative__bounded BASE25 virtual_s=8103.180 penalized_s=8103.180 complete=11/11 audit=True wall_s=0.043
RUN tangent_8a8b8c78ec4b47cc__positive__bounded HIST_ADAPT virtual_s=7367.804 penalized_s=7367.804 complete=11/11 audit=True wall_s=0.055
RUN tangent_8a8b8c78ec4b47cc__smooth__bounded BASE25 virtual_s=8084.625 penalized_s=8084.625 complete=11/11 audit=True wall_s=0.054
RUN tangent_8a8b8c78ec4b47cc__negative__bounded HIST_ADAPT virtual_s=7613.209 penalized_s=7613.209 complete=11/11 audit=True wall_s=0.051
RUN cluster_8890e51e76ccce0a__spatial_hash__bounded BACKBONE virtual_s=6466.836 penalized_s=6466.836 complete=11/11 audit=True wall_s=0.072
RUN tangent_8a8b8c78ec4b47cc__positive__bounded BACKBONE virtual_s=6981.402 penalized_s=6981.402 complete=11/11 audit=True wall_s=0.058
RUN tangent_8a8b8c78ec4b47cc__smooth__bounded HIST_ADAPT virtual_s=7639.016 penalized_s=7639.016 complete=11/11 audit=True wall_s=0.066
RUN tangent_8a8b8c78ec4b47cc__negative__bounded BACKBONE virtual_s=6868.913 penalized_s=6868.913 complete=11/11 audit=True wall_s=0.060
RUN cluster_8890e51e76ccce0a__spatial_hash__bounded BACKBONE_ADAPT virtual_s=6558.681 penalized_s=6558.681 complete=11/11 audit=True wall_s=0.067
RUN tangent_8a8b8c78ec4b47cc__positive__bounded BACKBONE_ADAPT virtual_s=6688.626 penalized_s=6688.626 complete=11/11 audit=True wall_s=0.069
PROGRESS scenarios=86/96 runs=344/384 failed=0 elapsed_s=7.1
RUN cluster_8890e51e76ccce0a__spatial_hash__bounded BASE25 virtual_s=7642.171 penalized_s=7642.171 complete=11/11 audit=True wall_s=0.040
RUN tangent_8a8b8c78ec4b47cc__smooth__bounded BACKBONE virtual_s=6895.690 penalized_s=6895.690 complete=11/11 audit=True wall_s=0.080
RUN cluster_8890e51e76ccce0a__positive__bounded BACKBONE virtual_s=6500.638 penalized_s=6500.638 complete=11/11 audit=True wall_s=0.057
RUN tangent_8a8b8c78ec4b47cc__negative__bounded BACKBONE_ADAPT virtual_s=6670.477 penalized_s=6670.477 complete=11/11 audit=True wall_s=0.087
PROGRESS scenarios=87/96 runs=348/384 failed=0 elapsed_s=7.2
RUN cluster_8890e51e76ccce0a__spatial_hash__bounded HIST_ADAPT virtual_s=6676.358 penalized_s=6676.358 complete=11/11 audit=True wall_s=0.046
PROGRESS scenarios=88/96 runs=352/384 failed=0 elapsed_s=7.2
RUN cluster_8890e51e76ccce0a__positive__bounded BACKBONE_ADAPT virtual_s=6503.071 penalized_s=6503.071 complete=11/11 audit=True wall_s=0.054
RUN cluster_8890e51e76ccce0a__negative__bounded BACKBONE virtual_s=6788.616 penalized_s=6788.616 complete=11/11 audit=True wall_s=0.056
RUN tangent_8a8b8c78ec4b47cc__smooth__bounded BACKBONE_ADAPT virtual_s=6672.692 penalized_s=6672.692 complete=11/11 audit=True wall_s=0.078
PROGRESS scenarios=89/96 runs=356/384 failed=0 elapsed_s=7.3
RUN cluster_8890e51e76ccce0a__smooth__bounded BACKBONE virtual_s=6458.143 penalized_s=6458.143 complete=11/11 audit=True wall_s=0.063
RUN cluster_8890e51e76ccce0a__positive__bounded BASE25 virtual_s=7220.337 penalized_s=7220.337 complete=11/11 audit=True wall_s=0.038
RUN cluster_8890e51e76ccce0a__negative__bounded BACKBONE_ADAPT virtual_s=6632.864 penalized_s=6632.864 complete=11/11 audit=True wall_s=0.057
RUN edge_7c044f59c4b53ac3__spatial_hash__bounded HIST_ADAPT virtual_s=6844.756 penalized_s=6844.756 complete=11/11 audit=True wall_s=0.057
RUN cluster_8890e51e76ccce0a__positive__bounded HIST_ADAPT virtual_s=6796.945 penalized_s=6796.945 complete=11/11 audit=True wall_s=0.048
PROGRESS scenarios=90/96 runs=360/384 failed=0 elapsed_s=7.4
RUN cluster_8890e51e76ccce0a__smooth__bounded BACKBONE_ADAPT virtual_s=6479.871 penalized_s=6479.871 complete=11/11 audit=True wall_s=0.064
RUN cluster_8890e51e76ccce0a__negative__bounded BASE25 virtual_s=8067.574 penalized_s=8067.574 complete=11/11 audit=True wall_s=0.042
RUN edge_7c044f59c4b53ac3__positive__bounded HIST_ADAPT virtual_s=6819.258 penalized_s=6819.258 complete=11/11 audit=True wall_s=0.041
RUN cluster_8890e51e76ccce0a__smooth__bounded BASE25 virtual_s=7610.942 penalized_s=7610.942 complete=11/11 audit=True wall_s=0.046
RUN edge_7c044f59c4b53ac3__spatial_hash__bounded BACKBONE virtual_s=7509.966 penalized_s=7509.966 complete=11/11 audit=True wall_s=0.067
RUN edge_7c044f59c4b53ac3__positive__bounded BACKBONE virtual_s=7802.181 penalized_s=7802.181 complete=11/11 audit=True wall_s=0.044
RUN cluster_8890e51e76ccce0a__negative__bounded HIST_ADAPT virtual_s=7316.770 penalized_s=7316.770 complete=11/11 audit=True wall_s=0.062
PROGRESS scenarios=91/96 runs=364/384 failed=0 elapsed_s=7.5
RUN cluster_8890e51e76ccce0a__smooth__bounded HIST_ADAPT virtual_s=7290.660 penalized_s=7290.660 complete=11/11 audit=True wall_s=0.056
PROGRESS scenarios=92/96 runs=368/384 failed=0 elapsed_s=7.5
RUN edge_7c044f59c4b53ac3__spatial_hash__bounded BACKBONE_ADAPT virtual_s=7100.750 penalized_s=7100.750 complete=11/11 audit=True wall_s=0.077
RUN edge_7c044f59c4b53ac3__positive__bounded BACKBONE_ADAPT virtual_s=7342.564 penalized_s=7342.564 complete=11/11 audit=True wall_s=0.055
RUN edge_7c044f59c4b53ac3__negative__bounded HIST_ADAPT virtual_s=6943.944 penalized_s=6943.944 complete=11/11 audit=True wall_s=0.056
RUN edge_7c044f59c4b53ac3__smooth__bounded HIST_ADAPT virtual_s=6812.576 penalized_s=6812.576 complete=11/11 audit=True wall_s=0.044
RUN edge_7c044f59c4b53ac3__positive__bounded BASE25 virtual_s=7016.638 penalized_s=7016.638 complete=11/11 audit=True wall_s=0.034
RUN edge_7c044f59c4b53ac3__spatial_hash__bounded BASE25 virtual_s=6985.786 penalized_s=6985.786 complete=11/11 audit=True wall_s=0.046
PROGRESS scenarios=93/96 runs=372/384 failed=0 elapsed_s=7.6
PROGRESS scenarios=94/96 runs=376/384 failed=0 elapsed_s=7.6
RUN edge_7c044f59c4b53ac3__smooth__bounded BACKBONE virtual_s=7437.996 penalized_s=7437.996 complete=11/11 audit=True wall_s=0.052
RUN edge_7c044f59c4b53ac3__negative__bounded BACKBONE virtual_s=7470.856 penalized_s=7470.856 complete=11/11 audit=True wall_s=0.061
RUN edge_7c044f59c4b53ac3__negative__bounded BACKBONE_ADAPT virtual_s=6989.722 penalized_s=6989.722 complete=11/11 audit=True wall_s=0.056
RUN edge_7c044f59c4b53ac3__smooth__bounded BACKBONE_ADAPT virtual_s=6988.172 penalized_s=6988.172 complete=11/11 audit=True wall_s=0.063
RUN edge_7c044f59c4b53ac3__negative__bounded BASE25 virtual_s=6847.937 penalized_s=6847.937 complete=11/11 audit=True wall_s=0.036
PROGRESS scenarios=95/96 runs=380/384 failed=0 elapsed_s=7.7
RUN edge_7c044f59c4b53ac3__smooth__bounded BASE25 virtual_s=6983.698 penalized_s=6983.698 complete=11/11 audit=True wall_s=0.036
PROGRESS scenarios=96/96 runs=384/384 failed=0 elapsed_s=7.7
{
  "BACKBONE_ADAPT": {
    "complete": 96,
    "runs": 96,
    "mean_s": 6984.751652343751,
    "p95_s": 10074.7584185,
    "max_s": 10725.031991,
    "gain_ratio_of_means_pct": -1.8512828905411727
  },
  "BASE25": {
    "complete": 96,
    "runs": 96,
    "mean_s": 6857.7944765312495,
    "p95_s": 10005.55130025,
    "max_s": 10744.016689,
    "gain_ratio_of_means_pct": 0.0
  },
  "HIST_ADAPT": {
    "complete": 96,
    "runs": 96,
    "mean_s": 6774.574163302083,
    "p95_s": 9867.105371000001,
    "max_s": 10916.077793,
    "gain_ratio_of_means_pct": 1.2135142503025276
  },
  "BACKBONE": {
    "complete": 96,
    "runs": 96,
    "mean_s": 7164.1225723125,
    "p95_s": 10657.10886225,
    "max_s": 11597.658438,
    "gain_ratio_of_means_pct": -4.466860254117666
  }
}
